changes in the log file
